../Drivers/ESP8266/cpp_uart.hpp:14:2:CPP_UART::CPP_UART(UART_HandleTypeDef*)	16	static
../Drivers/ESP8266/cpp_uart.hpp:19:7:void CPP_UART::operator<<(const char*)	24	static
../Drivers/ESP8266/cpp_uart.hpp:25:7:void CPP_UART::operator<<(char*)	24	static
../Drivers/ESP8266/cpp_uart.hpp:30:7:void CPP_UART::operator<<(uint8_t*)	24	static
../Drivers/ESP8266/esp8266.cpp:20:1:ESP8266::ESP8266(UART_HandleTypeDef*, DMA_HandleTypeDef*, TIM_HandleTypeDef*)	24	static
../Drivers/ESP8266/esp8266.cpp:33:6:void ESP8266::RxCallback()	40	static
../Drivers/ESP8266/esp8266.cpp:79:6:void ESP8266::setTimeout(uint16_t)	16	static
../Drivers/ESP8266/esp8266.cpp:90:6:bool ESP8266::isTimeout()	16	static
../Drivers/ESP8266/esp8266.cpp:102:6:void ESP8266::sendNoAck(uint8_t*)	16	static
../Drivers/ESP8266/esp8266.cpp:112:8:ESP8266_Space::result ESP8266::send(char*, const char*, uint16_t)	24	static
../Drivers/ESP8266/esp8266.cpp:131:8:ESP8266_Space::result ESP8266::sendCmd(const char*, const char*, uint16_t)	24	static
../Drivers/ESP8266/esp8266.cpp:155:6:void ESP8266::quitTrans()	16	static
../Drivers/ESP8266/esp8266.cpp:169:6:void ESP8266::delay(uint16_t)	16	static
../Drivers/ESP8266/esp8266.cpp:178:6:bool ESP8266::isResponded(const char*)	32	static
../Drivers/ESP8266/esp8266.cpp:198:8:ESP8266_Space::result ESP8266::init()	160	static
../Drivers/ESP8266/esp8266.cpp:248:1:void __static_initialization_and_destruction_0(int, int)	16	static
../Drivers/ESP8266/esp8266.cpp:248:1:cpp)	8	static
